Last login: Mon Apr 17 21:57:38 on ttys000
sris-Air:~ owner$ cd Desktop/
sris-Air:Desktop owner$ cd DojoAssignments/
sris-Air:DojoAssignments owner$ touch DojoAssignmentRepo.txt
sris-Air:DojoAssignments owner$ git init
Initialized empty Git repository in /Users/owner/Desktop/DojoAssignments/.git/
sris-Air:DojoAssignments owner$ git add .
sris-Air:DojoAssignments owner$ git commit -m "first commit"
[master (root-commit) 63d165d] first commit
 15 files changed, 34 insertions(+)
 create mode 100644 .DS_Store
 create mode 100644 DojoAssignmentRepo.txt
 create mode 100644 IOS/about.txt
 create mode 100644 MEAN/about.txt
 create mode 100644 Python/about.txt
 create mode 100644 Ruby/about.txt
 create mode 100644 WebFundamentals/.DS_Store
 create mode 100644 WebFundamentals/CSS/about.txt
 create mode 160000 WebFundamentals/Git
 create mode 100644 WebFundamentals/HTML/about.txt
 create mode 100644 WebFundamentals/HTML/indentation.html
 create mode 100644 WebFundamentals/Javascript/about.txt
 create mode 100644 WebFundamentals/about.txt
 create mode 100644 assignments.txt
 create mode 100644 netCore/about.txt
sris-Air:DojoAssignments owner$ git remote add origin https://github.com/cahrock/DojoAssignment.git
sris-Air:DojoAssignments owner$ git push -u origin master
Counting objects: 9, done.
Delta compression using up to 4 threads.
Compressing objects: 100% (7/7), done.
Writing objects: 100% (9/9), 1.17 KiB | 0 bytes/s, done.
Total 9 (delta 1), reused 0 (delta 0)
remote: Resolving deltas: 100% (1/1), done.
To https://github.com/cahrock/DojoAssignment.git
 * [new branch]      master -> master
Branch master set up to track remote branch master from origin.
sris-Air:DojoAssignments owner$ touch Readme.md
sris-Air:DojoAssignments owner$ git status
On branch master
Your branch is up-to-date with 'origin/master'.
Changes not staged for commit:
  (use "git add <file>..." to update what will be committed)
  (use "git checkout -- <file>..." to discard changes in working directory)
  (commit or discard the untracked or modified content in submodules)

	modified:   WebFundamentals/Git (untracked content)

Untracked files:
  (use "git add <file>..." to include in what will be committed)

	Readme.md

no changes added to commit (use "git add" and/or "git commit -a")
sris-Air:DojoAssignments owner$ git add .
sris-Air:DojoAssignments owner$ git commit -m "added a Readme.md file"
[master 97bedb1] added a Readme.md file
 1 file changed, 2 insertions(+)
 create mode 100644 Readme.md
sris-Air:DojoAssignments owner$ git push -u origin master
Counting objects: 3, done.
Delta compression using up to 4 threads.
Compressing objects: 100% (3/3), done.
Writing objects: 100% (3/3), 341 bytes | 0 bytes/s, done.
Total 3 (delta 1), reused 0 (delta 0)
remote: Resolving deltas: 100% (1/1), completed with 1 local object.
To https://github.com/cahrock/DojoAssignment.git
   63d165d..97bedb1  master -> master
Branch master set up to track remote branch master from origin.
sris-Air:DojoAssignments owner$ 